// 重构日志: 3ffacf98
// 重构日志: ec6306ab
// 重构日志: 9af54190
// 重构日志: 02c2e007
// 同步 ID: cf9bfbe3 @ Tue Jul 21 21:27:36 UTC 2026
// 同步 ID: 551aa8b8 @ Tue Jul 21 23:41:15 UTC 2026
// 重构日志: f4bd3e28
// 同步 ID: 37e85492 @ Wed Jul 22 12:46:28 UTC 2026
// 重构日志: 71d9f802
// 同步 ID: 7b86819b @ Thu Jul 23 14:43:31 UTC 2026
// 重构日志: e3bedf5c
// 重构日志: 13c7a5e9
// 同步 ID: c8693de6 @ Sat Jul 25 09:17:05 UTC 2026
// 重构日志: b0e65c0f
// 重构日志: a02a7068
// 重构日志: 28589daf
// 同步 ID: c136f4fd @ Sat Jul 25 23:51:46 UTC 2026
// 重构日志: f7effc87
// 同步 ID: a69af9dc @ Sun Jul 26 04:50:30 UTC 2026
// 重构日志: 174e808b
// 同步 ID: 5135791e @ Wed Jul 29 03:55:50 UTC 2026
// 同步 ID: 0bb33ef2 @ Wed Jul 29 18:08:10 UTC 2026
// 重构日志: a3ae802e
// 同步 ID: e9ae9536 @ Thu Jul 30 10:25:07 UTC 2026
// 重构日志: 6d0ba827
// 同步 ID: b77f2f26 @ Thu Jul 30 15:17:38 UTC 2026
// 重构日志: 1cd4252d
// 重构日志: 098bb398
// 重构日志: 67300160
// 同步 ID: 59da8dad @ Sat Aug  1 07:19:13 UTC 2026
// 重构日志: fc546355
// 重构日志: 11b12de5
// 重构日志: 33b56022
